stdin:54: MODIFIERPRAGMA (Hi)
stdin:69: MODIFIERPRAGMA (there)
stdin:122: MODIFIERPRAGMA (Hi)
stdin:143: MODIFIERPRAGMA (there)
stdin:159: =
stdin:196: STMTPRAGMA (Hi)
stdin:212: STMTPRAGMA (there)
stdin:266: STMTPRAGMA (Hi)
stdin:288: STMTPRAGMA (there)
stdin:305: =
stdin:342: TYPEDECLELEMPRAGMA (Hi)
stdin:361: TYPEDECLELEMPRAGMA (there)
stdin:418: TYPEDECLELEMPRAGMA (Hi)
stdin:443: TYPEDECLELEMPRAGMA (there)
stdin:463: ;
stdin:551: MODIFIERPRAGMA (AbCdEfG)
stdin:574: MODIFIERPRAGMA (blah)
stdin:642: MODIFIERPRAGMA (AbCdEfG)
stdin:665: MODIFIERPRAGMA (blah)
stdin:684: {
stdin:689: MODIFIERPRAGMA (pragma)
stdin:708: }
stdin:710: (
stdin:715: MODIFIERPRAGMA (zip)
stdin:729: )
stdin:786: STMTPRAGMA (AbCdEfG)
stdin:810: STMTPRAGMA (blah)
stdin:879: STMTPRAGMA (AbCdEfG)
stdin:903: STMTPRAGMA (blah)
stdin:923: {
stdin:928: MODIFIERPRAGMA (pragma)
stdin:947: }
stdin:949: (
stdin:954: MODIFIERPRAGMA (zip)
stdin:968: )
stdin:1025: TYPEDECLELEMPRAGMA (AbCdEfG)
stdin:1052: TYPEDECLELEMPRAGMA (blah)
stdin:1124: TYPEDECLELEMPRAGMA (AbCdEfG)
stdin:1151: TYPEDECLELEMPRAGMA (blah)
stdin:1174: {
stdin:1179: TYPEDECLELEMPRAGMA (pragma)
stdin:1202: }
stdin:1204: (
stdin:1209: TYPEDECLELEMPRAGMA (zip)
stdin:1227: )
LEXICALPRAGMA (100)
LEXICALPRAGMA (110)
LEXICALPRAGMA (100)
LEXICALPRAGMA (110)
LEXICALPRAGMA (100)
LEXICALPRAGMA (110)
LEXICALPRAGMA (100)
LEXICALPRAGMA (110)
LEXICALPRAGMA (100)
LEXICALPRAGMA (110)
LEXICALPRAGMA (100)
LEXICALPRAGMA (110)
LEXICALPRAGMA (200)
LEXICALPRAGMA (210)
LEXICALPRAGMA (200)
LEXICALPRAGMA (210)
LEXICALPRAGMA (200)
LEXICALPRAGMA (210)
LEXICALPRAGMA (200)
LEXICALPRAGMA (210)
LEXICALPRAGMA (200)
LEXICALPRAGMA (210)
LEXICALPRAGMA (200)
LEXICALPRAGMA (210)
stdin:1231: EOF
